
> trading-journal@0.0.0 test:e2e
> npx playwright test


Running 43 tests using 6 workers

[1A[2K[1/43] [chromium] ΓÇ║ tests\e2e\dashboard.spec.ts:10:3 ΓÇ║ Dashboard ΓÇ║ dashboard loads and displays widgets
[1A[2K[2/43] [chromium] ΓÇ║ tests\e2e\analytics.spec.ts:13:3 ΓÇ║ Analytics ΓÇ║ analytics page loads with charts visible
[1A[2K[3/43] [chromium] ΓÇ║ tests\e2e\tradelog.spec.ts:12:3 ΓÇ║ Trade Log ΓÇ║ trade log page loads and displays the table
[1A[2K[4/43] [chromium] ΓÇ║ tests\e2e\journal.spec.ts:15:3 ΓÇ║ Journal ΓÇ║ journal page loads
[1A[2K[5/43] [chromium] ΓÇ║ tests\e2e\auth.spec.ts:6:3 ΓÇ║ Authentication ΓÇ║ unauthenticated user visiting /dashboard gets redirected to /login
[1A[2K[6/43] [chromium] ΓÇ║ tests\e2e\trades.spec.ts:17:3 ΓÇ║ Trade Entry & Management ΓÇ║ trade entry form loads with all expected fields
[1A[2K[7/43] [chromium] ΓÇ║ tests\e2e\auth.spec.ts:14:3 ΓÇ║ Authentication ΓÇ║ login with valid credentials redirects to /dashboard
[1A[2K[8/43] [chromium] ΓÇ║ tests\e2e\auth.spec.ts:20:3 ΓÇ║ Authentication ΓÇ║ login with invalid credentials shows error message
[1A[2K[9/43] [chromium] ΓÇ║ tests\e2e\dashboard.spec.ts:16:3 ΓÇ║ Dashboard ΓÇ║ date range filter is present and interactive
[1A[2K[10/43] [chromium] ΓÇ║ tests\e2e\journal.spec.ts:22:3 ΓÇ║ Journal ΓÇ║ can create a new journal entry
[1A[2K[11/43] [chromium] ΓÇ║ tests\e2e\tradelog.spec.ts:18:3 ΓÇ║ Trade Log ΓÇ║ Log Trade button is present
[1A[2K[12/43] [chromium] ΓÇ║ tests\e2e\auth.spec.ts:28:3 ΓÇ║ Authentication ΓÇ║ signup page loads and shows the registration form
[1A[2K[13/43] [chromium] ΓÇ║ tests\e2e\auth.spec.ts:36:3 ΓÇ║ Authentication ΓÇ║ logout redirects to /login
[1A[2K[14/43] [chromium] ΓÇ║ tests\e2e\dashboard.spec.ts:24:3 ΓÇ║ Dashboard ΓÇ║ navigation to trade log works
[1A[2K[15/43] [chromium] ΓÇ║ tests\e2e\tradelog.spec.ts:23:3 ΓÇ║ Trade Log ΓÇ║ column headers are clickable for sorting
[1A[2K[16/43] [chromium] ΓÇ║ tests\e2e\analytics.spec.ts:25:3 ΓÇ║ Analytics ΓÇ║ Best Streak card displays with full word "Wins" not "W"
[1A[2K[17/43] [chromium] ΓÇ║ tests\e2e\dashboard.spec.ts:30:3 ΓÇ║ Dashboard ΓÇ║ navigation to analytics works
[1A[2K[18/43] [chromium] ΓÇ║ tests\e2e\auth.spec.ts:42:3 ΓÇ║ Authentication ΓÇ║ session persists after page refresh
[1A[2K[19/43] [chromium] ΓÇ║ tests\e2e\tradelog.spec.ts:33:3 ΓÇ║ Trade Log ΓÇ║ clicking a trade row navigates to trade detail
[1A[2K[20/43] [chromium] ΓÇ║ tests\e2e\dashboard.spec.ts:36:3 ΓÇ║ Dashboard ΓÇ║ navigation to journal works
[1A[2K[21/43] [chromium] ΓÇ║ tests\e2e\analytics.spec.ts:39:3 ΓÇ║ Analytics ΓÇ║ Worst Streak card displays with full word "Losses" not "L"
[1A[2K[22/43] [chromium] ΓÇ║ tests\e2e\dashboard.spec.ts:42:3 ΓÇ║ Dashboard ΓÇ║ navigation back to dashboard works
[1A[2K[23/43] [chromium] ΓÇ║ tests\e2e\dashboard.spec.ts:51:3 ΓÇ║ Dashboard ΓÇ║ add widget button is present
[1A[2K[24/43] [chromium] ΓÇ║ tests\e2e\dashboard.spec.ts:55:3 ΓÇ║ Dashboard ΓÇ║ widget drag handles are present in the DOM
[1A[2K[25/43] [chromium] ΓÇ║ tests\e2e\analytics.spec.ts:51:3 ΓÇ║ Analytics ΓÇ║ date range filter is present and changes content
[1A[2K[26/43] [chromium] ΓÇ║ tests\e2e\trades.spec.ts:27:3 ΓÇ║ Trade Entry & Management ΓÇ║ can create a new trade with required fields
[1A[2K[27/43] [chromium] ΓÇ║ tests\e2e\dashboard.spec.ts:63:3 ΓÇ║ Dashboard ΓÇ║ theme toggle switches theme
[1A[2K  1) [chromium] ΓÇ║ tests\e2e\journal.spec.ts:22:3 ΓÇ║ Journal ΓÇ║ can create a new journal entry ΓöÇΓöÇΓöÇΓöÇΓöÇΓöÇΓöÇΓöÇ

    Error: [2mexpect([22m[31mlocator[39m[2m).[22mtoBeVisible[2m([22m[2m)[22m failed

    Locator: locator('input[placeholder*="title" i]').or(getByPlaceholder('Entry titleΓÇª')).or(locator('[data-testid="journal-title-input"]'))
    Expected: visible
    Timeout: 8000ms
    Error: element(s) not found

    Call log:
    [2m  - Expect "toBeVisible" with timeout 8000ms[22m
    [2m  - waiting for locator('input[placeholder*="title" i]').or(getByPlaceholder('Entry titleΓÇª')).or(locator('[data-testid="journal-title-input"]'))[22m


      29 |       page.locator('[data-testid="journal-title-input"]')
      30 |     )
    > 31 |     await expect(titleInput).toBeVisible({ timeout: 8_000 })
         |                              ^
      32 |     await titleInput.fill(TEST_ENTRY_TITLE)
      33 |
      34 |     // Fill the rich text editor (TipTap renders a contenteditable div)
        at E:\Claude Code Project\trading-journal\tests\e2e\journal.spec.ts:31:30

    attachment #1: screenshot (image/png) ΓöÇΓöÇΓöÇΓöÇΓöÇΓöÇΓöÇΓöÇΓöÇΓöÇΓöÇΓöÇΓöÇΓöÇΓöÇΓöÇΓöÇΓöÇΓöÇΓöÇΓöÇΓöÇΓöÇΓöÇΓöÇΓöÇΓöÇΓöÇΓöÇΓöÇΓöÇΓöÇΓöÇΓöÇΓöÇΓöÇΓöÇΓöÇΓöÇΓöÇΓöÇΓöÇΓöÇΓöÇΓöÇΓöÇΓöÇΓöÇΓöÇΓöÇΓöÇΓöÇΓöÇΓöÇΓöÇΓöÇΓöÇΓöÇ
    test-results\journal-Journal-can-create-a-new-journal-entry-chromium\test-failed-1.png
    ΓöÇΓöÇΓöÇΓöÇΓöÇΓöÇΓöÇΓöÇΓöÇΓöÇΓöÇΓöÇΓöÇΓöÇΓöÇΓöÇΓöÇΓöÇΓöÇΓöÇΓöÇΓöÇΓöÇΓöÇΓöÇΓöÇΓöÇΓöÇΓöÇΓöÇΓöÇΓöÇΓöÇΓöÇΓöÇΓöÇΓöÇΓöÇΓöÇΓöÇΓöÇΓöÇΓöÇΓöÇΓöÇΓöÇΓöÇΓöÇΓöÇΓöÇΓöÇΓöÇΓöÇΓöÇΓöÇΓöÇΓöÇΓöÇΓöÇΓöÇΓöÇΓöÇΓöÇΓöÇΓöÇΓöÇΓöÇΓöÇΓöÇΓöÇΓöÇΓöÇΓöÇΓöÇΓöÇΓöÇΓöÇΓöÇΓöÇΓöÇΓöÇΓöÇΓöÇΓöÇΓöÇΓöÇΓöÇΓöÇΓöÇΓöÇΓöÇΓöÇΓöÇΓöÇΓöÇΓöÇ

    Error Context: test-results\journal-Journal-can-create-a-new-journal-entry-chromium\error-context.md


[1A[2K[28/43] [chromium] ΓÇ║ tests\e2e\journal.spec.ts:46:3 ΓÇ║ Journal ΓÇ║ new entry appears after saving
[1A[2K  2) [chromium] ΓÇ║ tests\e2e\tradelog.spec.ts:33:3 ΓÇ║ Trade Log ΓÇ║ clicking a trade row navigates to trade detail 

    TimeoutError: page.waitForURL: Timeout 10000ms exceeded.
    =========================== logs ===========================
    waiting for navigation until "load"
      navigated to "http://localhost:5173/trades/151/edit"
    ============================================================

      38 |     await expect(row).toBeVisible({ timeout: 8_000 })
      39 |     await row.click()
    > 40 |     await page.waitForURL(/\/trades\/[a-z0-9-]+$/, { timeout: 10_000 })
         |                ^
      41 |     await expect(page.getByTestId('trade-header')).toBeVisible()
      42 |     // Clean up
      43 |     await deleteTestTrade(page, TEST_TICKER).catch(() => {})
        at E:\Claude Code Project\trading-journal\tests\e2e\tradelog.spec.ts:40:16

    attachment #1: screenshot (image/png) ΓöÇΓöÇΓöÇΓöÇΓöÇΓöÇΓöÇΓöÇΓöÇΓöÇΓöÇΓöÇΓöÇΓöÇΓöÇΓöÇΓöÇΓöÇΓöÇΓöÇΓöÇΓöÇΓöÇΓöÇΓöÇΓöÇΓöÇΓöÇΓöÇΓöÇΓöÇΓöÇΓöÇΓöÇΓöÇΓöÇΓöÇΓöÇΓöÇΓöÇΓöÇΓöÇΓöÇΓöÇΓöÇΓöÇΓöÇΓöÇΓöÇΓöÇΓöÇΓöÇΓöÇΓöÇΓöÇΓöÇΓöÇΓöÇ
    test-results\tradelog-Trade-Log-clickin-b21e1-w-navigates-to-trade-detail-chromium\test-failed-1.png
    ΓöÇΓöÇΓöÇΓöÇΓöÇΓöÇΓöÇΓöÇΓöÇΓöÇΓöÇΓöÇΓöÇΓöÇΓöÇΓöÇΓöÇΓöÇΓöÇΓöÇΓöÇΓöÇΓöÇΓöÇΓöÇΓöÇΓöÇΓöÇΓöÇΓöÇΓöÇΓöÇΓöÇΓöÇΓöÇΓöÇΓöÇΓöÇΓöÇΓöÇΓöÇΓöÇΓöÇΓöÇΓöÇΓöÇΓöÇΓöÇΓöÇΓöÇΓöÇΓöÇΓöÇΓöÇΓöÇΓöÇΓöÇΓöÇΓöÇΓöÇΓöÇΓöÇΓöÇΓöÇΓöÇΓöÇΓöÇΓöÇΓöÇΓöÇΓöÇΓöÇΓöÇΓöÇΓöÇΓöÇΓöÇΓöÇΓöÇΓöÇΓöÇΓöÇΓöÇΓöÇΓöÇΓöÇΓöÇΓöÇΓöÇΓöÇΓöÇΓöÇΓöÇΓöÇΓöÇΓöÇ

    Error Context: test-results\tradelog-Trade-Log-clickin-b21e1-w-navigates-to-trade-detail-chromium\error-context.md


[1A[2K[29/43] [chromium] ΓÇ║ tests\e2e\tradelog.spec.ts:46:3 ΓÇ║ Trade Log ΓÇ║ trade detail view shows core trade information
[1A[2K  3) [chromium] ΓÇ║ tests\e2e\analytics.spec.ts:51:3 ΓÇ║ Analytics ΓÇ║ date range filter is present and changes content 

    Error: [2mexpect([22m[31mlocator[39m[2m).[22mtoBeVisible[2m([22m[2m)[22m failed

    Locator: locator('input[type="date"]').first()
    Expected: visible
    Timeout: 8000ms
    Error: element(s) not found

    Call log:
    [2m  - Expect "toBeVisible" with timeout 8000ms[22m
    [2m  - waiting for locator('input[type="date"]').first()[22m


      52 |     // LocalDateFilter renders date inputs
      53 |     const fromInput = page.locator('input[type="date"]').first()
    > 54 |     await expect(fromInput).toBeVisible({ timeout: 8_000 })
         |                             ^
      55 |     // Change the from date
      56 |     await fromInput.fill('2024-01-01')
      57 |     await fromInput.press('Enter')
        at E:\Claude Code Project\trading-journal\tests\e2e\analytics.spec.ts:54:29

    attachment #1: screenshot (image/png) ΓöÇΓöÇΓöÇΓöÇΓöÇΓöÇΓöÇΓöÇΓöÇΓöÇΓöÇΓöÇΓöÇΓöÇΓöÇΓöÇΓöÇΓöÇΓöÇΓöÇΓöÇΓöÇΓöÇΓöÇΓöÇΓöÇΓöÇΓöÇΓöÇΓöÇΓöÇΓöÇΓöÇΓöÇΓöÇΓöÇΓöÇΓöÇΓöÇΓöÇΓöÇΓöÇΓöÇΓöÇΓöÇΓöÇΓöÇΓöÇΓöÇΓöÇΓöÇΓöÇΓöÇΓöÇΓöÇΓöÇΓöÇΓöÇ
    test-results\analytics-Analytics-date-r-25dac-present-and-changes-content-chromium\test-failed-1.png
    ΓöÇΓöÇΓöÇΓöÇΓöÇΓöÇΓöÇΓöÇΓöÇΓöÇΓöÇΓöÇΓöÇΓöÇΓöÇΓöÇΓöÇΓöÇΓöÇΓöÇΓöÇΓöÇΓöÇΓöÇΓöÇΓöÇΓöÇΓöÇΓöÇΓöÇΓöÇΓöÇΓöÇΓöÇΓöÇΓöÇΓöÇΓöÇΓöÇΓöÇΓöÇΓöÇΓöÇΓöÇΓöÇΓöÇΓöÇΓöÇΓöÇΓöÇΓöÇΓöÇΓöÇΓöÇΓöÇΓöÇΓöÇΓöÇΓöÇΓöÇΓöÇΓöÇΓöÇΓöÇΓöÇΓöÇΓöÇΓöÇΓöÇΓöÇΓöÇΓöÇΓöÇΓöÇΓöÇΓöÇΓöÇΓöÇΓöÇΓöÇΓöÇΓöÇΓöÇΓöÇΓöÇΓöÇΓöÇΓöÇΓöÇΓöÇΓöÇΓöÇΓöÇΓöÇΓöÇΓöÇ

    Error Context: test-results\analytics-Analytics-date-r-25dac-present-and-changes-content-chromium\error-context.md


[1A[2K[30/43] [chromium] ΓÇ║ tests\e2e\analytics.spec.ts:62:3 ΓÇ║ Analytics ΓÇ║ all analytics tabs are present
[1A[2K[31/43] [chromium] ΓÇ║ tests\e2e\trades.spec.ts:32:3 ΓÇ║ Trade Entry & Management ΓÇ║ new trade appears in the trade log after creation
[1A[2K  4) [chromium] ΓÇ║ tests\e2e\journal.spec.ts:46:3 ΓÇ║ Journal ΓÇ║ new entry appears after saving ΓöÇΓöÇΓöÇΓöÇΓöÇΓöÇΓöÇΓöÇ

    Error: [2mexpect([22m[31mlocator[39m[2m).[22mtoBeVisible[2m([22m[2m)[22m failed

    Locator: locator('input[placeholder*="title" i]').or(getByPlaceholder('Entry titleΓÇª')).first()
    Expected: visible
    Timeout: 8000ms
    Error: element(s) not found

    Call log:
    [2m  - Expect "toBeVisible" with timeout 8000ms[22m
    [2m  - waiting for locator('input[placeholder*="title" i]').or(getByPlaceholder('Entry titleΓÇª')).first()[22m


      51 |       page.getByPlaceholder('Entry titleΓÇª')
      52 |     ).first()
    > 53 |     await expect(titleInput).toBeVisible({ timeout: 8_000 })
         |                              ^
      54 |     await titleInput.fill(TEST_ENTRY_TITLE)
      55 |
      56 |     const editor = page.locator('.ProseMirror').or(page.locator('[contenteditable="true"]')).first()
        at E:\Claude Code Project\trading-journal\tests\e2e\journal.spec.ts:53:30

    attachment #1: screenshot (image/png) ΓöÇΓöÇΓöÇΓöÇΓöÇΓöÇΓöÇΓöÇΓöÇΓöÇΓöÇΓöÇΓöÇΓöÇΓöÇΓöÇΓöÇΓöÇΓöÇΓöÇΓöÇΓöÇΓöÇΓöÇΓöÇΓöÇΓöÇΓöÇΓöÇΓöÇΓöÇΓöÇΓöÇΓöÇΓöÇΓöÇΓöÇΓöÇΓöÇΓöÇΓöÇΓöÇΓöÇΓöÇΓöÇΓöÇΓöÇΓöÇΓöÇΓöÇΓöÇΓöÇΓöÇΓöÇΓöÇΓöÇΓöÇΓöÇ
    test-results\journal-Journal-new-entry-appears-after-saving-chromium\test-failed-1.png
    ΓöÇΓöÇΓöÇΓöÇΓöÇΓöÇΓöÇΓöÇΓöÇΓöÇΓöÇΓöÇΓöÇΓöÇΓöÇΓöÇΓöÇΓöÇΓöÇΓöÇΓöÇΓöÇΓöÇΓöÇΓöÇΓöÇΓöÇΓöÇΓöÇΓöÇΓöÇΓöÇΓöÇΓöÇΓöÇΓöÇΓöÇΓöÇΓöÇΓöÇΓöÇΓöÇΓöÇΓöÇΓöÇΓöÇΓöÇΓöÇΓöÇΓöÇΓöÇΓöÇΓöÇΓöÇΓöÇΓöÇΓöÇΓöÇΓöÇΓöÇΓöÇΓöÇΓöÇΓöÇΓöÇΓöÇΓöÇΓöÇΓöÇΓöÇΓöÇΓöÇΓöÇΓöÇΓöÇΓöÇΓöÇΓöÇΓöÇΓöÇΓöÇΓöÇΓöÇΓöÇΓöÇΓöÇΓöÇΓöÇΓöÇΓöÇΓöÇΓöÇΓöÇΓöÇΓöÇΓöÇ

    Error Context: test-results\journal-Journal-new-entry-appears-after-saving-chromium\error-context.md


[1A[2K[32/43] [chromium] ΓÇ║ tests\e2e\journal.spec.ts:69:3 ΓÇ║ Journal ΓÇ║ can edit an existing journal entry
[1A[2K[33/43] [chromium] ΓÇ║ tests\e2e\journal.spec.ts:94:3 ΓÇ║ Journal ΓÇ║ entry content persists after save and reload
[1A[2K  5) [chromium] ΓÇ║ tests\e2e\dashboard.spec.ts:63:3 ΓÇ║ Dashboard ΓÇ║ theme toggle switches theme ΓöÇΓöÇΓöÇΓöÇΓöÇΓöÇΓöÇ

    TimeoutError: page.waitForURL: Timeout 15000ms exceeded.
    =========================== logs ===========================
    waiting for navigation to "**/dashboard" until "load"
      navigated to "http://localhost:5173/login"
      navigated to "http://localhost:5173/login"
      navigated to "http://localhost:5173/login"
      navigated to "http://localhost:5173/login"
      navigated to "http://localhost:5173/login"
      navigated to "http://localhost:5173/login"
      navigated to "http://localhost:5173/login"
      navigated to "http://localhost:5173/login"
    ============================================================

       at helpers.ts:13

      11 |   await page.getByTestId('password-input').fill(TEST_PASSWORD)
      12 |   await page.getByTestId('login-submit').click()
    > 13 |   await page.waitForURL('**/dashboard', { timeout: 15_000 })
         |              ^
      14 |   await waitForDashboard(page)
      15 | }
      16 |
        at login (E:\Claude Code Project\trading-journal\tests\e2e\helpers.ts:13:14)
        at E:\Claude Code Project\trading-journal\tests\e2e\dashboard.spec.ts:7:5

    attachment #1: screenshot (image/png) ΓöÇΓöÇΓöÇΓöÇΓöÇΓöÇΓöÇΓöÇΓöÇΓöÇΓöÇΓöÇΓöÇΓöÇΓöÇΓöÇΓöÇΓöÇΓöÇΓöÇΓöÇΓöÇΓöÇΓöÇΓöÇΓöÇΓöÇΓöÇΓöÇΓöÇΓöÇΓöÇΓöÇΓöÇΓöÇΓöÇΓöÇΓöÇΓöÇΓöÇΓöÇΓöÇΓöÇΓöÇΓöÇΓöÇΓöÇΓöÇΓöÇΓöÇΓöÇΓöÇΓöÇΓöÇΓöÇΓöÇΓöÇΓöÇ
    test-results\dashboard-Dashboard-theme-toggle-switches-theme-chromium\test-failed-1.png
    ΓöÇΓöÇΓöÇΓöÇΓöÇΓöÇΓöÇΓöÇΓöÇΓöÇΓöÇΓöÇΓöÇΓöÇΓöÇΓöÇΓöÇΓöÇΓöÇΓöÇΓöÇΓöÇΓöÇΓöÇΓöÇΓöÇΓöÇΓöÇΓöÇΓöÇΓöÇΓöÇΓöÇΓöÇΓöÇΓöÇΓöÇΓöÇΓöÇΓöÇΓöÇΓöÇΓöÇΓöÇΓöÇΓöÇΓöÇΓöÇΓöÇΓöÇΓöÇΓöÇΓöÇΓöÇΓöÇΓöÇΓöÇΓöÇΓöÇΓöÇΓöÇΓöÇΓöÇΓöÇΓöÇΓöÇΓöÇΓöÇΓöÇΓöÇΓöÇΓöÇΓöÇΓöÇΓöÇΓöÇΓöÇΓöÇΓöÇΓöÇΓöÇΓöÇΓöÇΓöÇΓöÇΓöÇΓöÇΓöÇΓöÇΓöÇΓöÇΓöÇΓöÇΓöÇΓöÇΓöÇ

    Error Context: test-results\dashboard-Dashboard-theme-toggle-switches-theme-chromium\error-context.md


[1A[2K[34/43] [chromium] ΓÇ║ tests\e2e\trades.spec.ts:41:3 ΓÇ║ Trade Entry & Management ΓÇ║ can open trade detail view by clicking on a trade row
[1A[2K  6) [chromium] ΓÇ║ tests\e2e\journal.spec.ts:94:3 ΓÇ║ Journal ΓÇ║ entry content persists after save and reload 

    Error: [2mexpect([22m[31mlocator[39m[2m).[22mtoBeVisible[2m([22m[2m)[22m failed

    Locator: locator('input[placeholder*="title" i]').or(getByPlaceholder('Entry titleΓÇª')).first()
    Expected: visible
    Timeout: 8000ms
    Error: element(s) not found

    Call log:
    [2m  - Expect "toBeVisible" with timeout 8000ms[22m
    [2m  - waiting for locator('input[placeholder*="title" i]').or(getByPlaceholder('Entry titleΓÇª')).first()[22m


       99 |       page.getByPlaceholder('Entry titleΓÇª')
      100 |     ).first()
    > 101 |     await expect(titleInput).toBeVisible({ timeout: 8_000 })
          |                              ^
      102 |     await titleInput.fill(TEST_ENTRY_TITLE)
      103 |
      104 |     const editor = page.locator('.ProseMirror').or(page.locator('[contenteditable="true"]')).first()
        at E:\Claude Code Project\trading-journal\tests\e2e\journal.spec.ts:101:30

    attachment #1: screenshot (image/png) ΓöÇΓöÇΓöÇΓöÇΓöÇΓöÇΓöÇΓöÇΓöÇΓöÇΓöÇΓöÇΓöÇΓöÇΓöÇΓöÇΓöÇΓöÇΓöÇΓöÇΓöÇΓöÇΓöÇΓöÇΓöÇΓöÇΓöÇΓöÇΓöÇΓöÇΓöÇΓöÇΓöÇΓöÇΓöÇΓöÇΓöÇΓöÇΓöÇΓöÇΓöÇΓöÇΓöÇΓöÇΓöÇΓöÇΓöÇΓöÇΓöÇΓöÇΓöÇΓöÇΓöÇΓöÇΓöÇΓöÇΓöÇΓöÇ
    test-results\journal-Journal-entry-content-persists-after-save-and-reload-chromium\test-failed-1.png
    ΓöÇΓöÇΓöÇΓöÇΓöÇΓöÇΓöÇΓöÇΓöÇΓöÇΓöÇΓöÇΓöÇΓöÇΓöÇΓöÇΓöÇΓöÇΓöÇΓöÇΓöÇΓöÇΓöÇΓöÇΓöÇΓöÇΓöÇΓöÇΓöÇΓöÇΓöÇΓöÇΓöÇΓöÇΓöÇΓöÇΓöÇΓöÇΓöÇΓöÇΓöÇΓöÇΓöÇΓöÇΓöÇΓöÇΓöÇΓöÇΓöÇΓöÇΓöÇΓöÇΓöÇΓöÇΓöÇΓöÇΓöÇΓöÇΓöÇΓöÇΓöÇΓöÇΓöÇΓöÇΓöÇΓöÇΓöÇΓöÇΓöÇΓöÇΓöÇΓöÇΓöÇΓöÇΓöÇΓöÇΓöÇΓöÇΓöÇΓöÇΓöÇΓöÇΓöÇΓöÇΓöÇΓöÇΓöÇΓöÇΓöÇΓöÇΓöÇΓöÇΓöÇΓöÇΓöÇΓöÇ

    Error Context: test-results\journal-Journal-entry-content-persists-after-save-and-reload-chromium\error-context.md


[1A[2K  7) [chromium] ΓÇ║ tests\e2e\tradelog.spec.ts:46:3 ΓÇ║ Trade Log ΓÇ║ trade detail view shows core trade information 

    TimeoutError: page.waitForURL: Timeout 15000ms exceeded.
    =========================== logs ===========================
    waiting for navigation to "**/dashboard" until "load"
      navigated to "http://localhost:5173/login"
      navigated to "http://localhost:5173/login"
      navigated to "http://localhost:5173/login"
      navigated to "http://localhost:5173/login"
      navigated to "http://localhost:5173/login"
      navigated to "http://localhost:5173/login"
    ============================================================

       at helpers.ts:13

      11 |   await page.getByTestId('password-input').fill(TEST_PASSWORD)
      12 |   await page.getByTestId('login-submit').click()
    > 13 |   await page.waitForURL('**/dashboard', { timeout: 15_000 })
         |              ^
      14 |   await waitForDashboard(page)
      15 | }
      16 |
        at login (E:\Claude Code Project\trading-journal\tests\e2e\helpers.ts:13:14)
        at E:\Claude Code Project\trading-journal\tests\e2e\tradelog.spec.ts:9:5

    attachment #1: screenshot (image/png) ΓöÇΓöÇΓöÇΓöÇΓöÇΓöÇΓöÇΓöÇΓöÇΓöÇΓöÇΓöÇΓöÇΓöÇΓöÇΓöÇΓöÇΓöÇΓöÇΓöÇΓöÇΓöÇΓöÇΓöÇΓöÇΓöÇΓöÇΓöÇΓöÇΓöÇΓöÇΓöÇΓöÇΓöÇΓöÇΓöÇΓöÇΓöÇΓöÇΓöÇΓöÇΓöÇΓöÇΓöÇΓöÇΓöÇΓöÇΓöÇΓöÇΓöÇΓöÇΓöÇΓöÇΓöÇΓöÇΓöÇΓöÇΓöÇ
    test-results\tradelog-Trade-Log-trade-d-dd588-hows-core-trade-information-chromium\test-failed-1.png
    ΓöÇΓöÇΓöÇΓöÇΓöÇΓöÇΓöÇΓöÇΓöÇΓöÇΓöÇΓöÇΓöÇΓöÇΓöÇΓöÇΓöÇΓöÇΓöÇΓöÇΓöÇΓöÇΓöÇΓöÇΓöÇΓöÇΓöÇΓöÇΓöÇΓöÇΓöÇΓöÇΓöÇΓöÇΓöÇΓöÇΓöÇΓöÇΓöÇΓöÇΓöÇΓöÇΓöÇΓöÇΓöÇΓöÇΓöÇΓöÇΓöÇΓöÇΓöÇΓöÇΓöÇΓöÇΓöÇΓöÇΓöÇΓöÇΓöÇΓöÇΓöÇΓöÇΓöÇΓöÇΓöÇΓöÇΓöÇΓöÇΓöÇΓöÇΓöÇΓöÇΓöÇΓöÇΓöÇΓöÇΓöÇΓöÇΓöÇΓöÇΓöÇΓöÇΓöÇΓöÇΓöÇΓöÇΓöÇΓöÇΓöÇΓöÇΓöÇΓöÇΓöÇΓöÇΓöÇΓöÇ

    Error Context: test-results\tradelog-Trade-Log-trade-d-dd588-hows-core-trade-information-chromium\error-context.md


[1A[2K[35/43] [chromium] ΓÇ║ tests\e2e\tradelog.spec.ts:63:3 ΓÇ║ Trade Log ΓÇ║ P&L is displayed near the top of trade detail
[1A[2K  8) [chromium] ΓÇ║ tests\e2e\trades.spec.ts:41:3 ΓÇ║ Trade Entry & Management ΓÇ║ can open trade detail view by clicking on a trade row 

    TimeoutError: page.waitForURL: Timeout 10000ms exceeded.
    =========================== logs ===========================
    waiting for navigation until "load"
      navigated to "http://localhost:5173/trades/150/edit"
    ============================================================

      45 |     await expect(row).toBeVisible({ timeout: 8_000 })
      46 |     await row.click()
    > 47 |     await page.waitForURL(/\/trades\/[a-z0-9-]+$/, { timeout: 10_000 })
         |                ^
      48 |     await expect(page.getByTestId('trade-header')).toBeVisible()
      49 |   })
      50 |
        at E:\Claude Code Project\trading-journal\tests\e2e\trades.spec.ts:47:16

    attachment #1: screenshot (image/png) ΓöÇΓöÇΓöÇΓöÇΓöÇΓöÇΓöÇΓöÇΓöÇΓöÇΓöÇΓöÇΓöÇΓöÇΓöÇΓöÇΓöÇΓöÇΓöÇΓöÇΓöÇΓöÇΓöÇΓöÇΓöÇΓöÇΓöÇΓöÇΓöÇΓöÇΓöÇΓöÇΓöÇΓöÇΓöÇΓöÇΓöÇΓöÇΓöÇΓöÇΓöÇΓöÇΓöÇΓöÇΓöÇΓöÇΓöÇΓöÇΓöÇΓöÇΓöÇΓöÇΓöÇΓöÇΓöÇΓöÇΓöÇΓöÇ
    test-results\trades-Trade-Entry-Managem-cebe4--by-clicking-on-a-trade-row-chromium\test-failed-1.png
    ΓöÇΓöÇΓöÇΓöÇΓöÇΓöÇΓöÇΓöÇΓöÇΓöÇΓöÇΓöÇΓöÇΓöÇΓöÇΓöÇΓöÇΓöÇΓöÇΓöÇΓöÇΓöÇΓöÇΓöÇΓöÇΓöÇΓöÇΓöÇΓöÇΓöÇΓöÇΓöÇΓöÇΓöÇΓöÇΓöÇΓöÇΓöÇΓöÇΓöÇΓöÇΓöÇΓöÇΓöÇΓöÇΓöÇΓöÇΓöÇΓöÇΓöÇΓöÇΓöÇΓöÇΓöÇΓöÇΓöÇΓöÇΓöÇΓöÇΓöÇΓöÇΓöÇΓöÇΓöÇΓöÇΓöÇΓöÇΓöÇΓöÇΓöÇΓöÇΓöÇΓöÇΓöÇΓöÇΓöÇΓöÇΓöÇΓöÇΓöÇΓöÇΓöÇΓöÇΓöÇΓöÇΓöÇΓöÇΓöÇΓöÇΓöÇΓöÇΓöÇΓöÇΓöÇΓöÇΓöÇ

    Error Context: test-results\trades-Trade-Entry-Managem-cebe4--by-clicking-on-a-trade-row-chromium\error-context.md


[1A[2K[36/43] [chromium] ΓÇ║ tests\e2e\trades.spec.ts:51:3 ΓÇ║ Trade Entry & Management ΓÇ║ can edit an existing trade and save changes
[1A[2K  9) [chromium] ΓÇ║ tests\e2e\tradelog.spec.ts:63:3 ΓÇ║ Trade Log ΓÇ║ P&L is displayed near the top of trade detail 

    [31mTest timeout of 30000ms exceeded.[39m

    Error: page.waitForURL: Test timeout of 30000ms exceeded.
    =========================== logs ===========================
    waiting for navigation until "load"
      navigated to "http://localhost:5173/trades/151/edit"
      navigated to "http://localhost:5173/trades/151/edit"
    ============================================================

      66 |     const row = page.locator('[data-testid^="trade-row-"]').filter({ hasText: TEST_TICKER }).first()
      67 |     await row.click()
    > 68 |     await page.waitForURL(/\/trades\/[a-z0-9-]+$/)
         |                ^
      69 |
      70 |     // P&L display should be in the top summary header
      71 |     const pnl = page.getByTestId('pnl-display')
        at E:\Claude Code Project\trading-journal\tests\e2e\tradelog.spec.ts:68:16

    attachment #1: screenshot (image/png) ΓöÇΓöÇΓöÇΓöÇΓöÇΓöÇΓöÇΓöÇΓöÇΓöÇΓöÇΓöÇΓöÇΓöÇΓöÇΓöÇΓöÇΓöÇΓöÇΓöÇΓöÇΓöÇΓöÇΓöÇΓöÇΓöÇΓöÇΓöÇΓöÇΓöÇΓöÇΓöÇΓöÇΓöÇΓöÇΓöÇΓöÇΓöÇΓöÇΓöÇΓöÇΓöÇΓöÇΓöÇΓöÇΓöÇΓöÇΓöÇΓöÇΓöÇΓöÇΓöÇΓöÇΓöÇΓöÇΓöÇΓöÇΓöÇ
    test-results\tradelog-Trade-Log-P-L-is--a74f1-ear-the-top-of-trade-detail-chromium\test-failed-1.png
    ΓöÇΓöÇΓöÇΓöÇΓöÇΓöÇΓöÇΓöÇΓöÇΓöÇΓöÇΓöÇΓöÇΓöÇΓöÇΓöÇΓöÇΓöÇΓöÇΓöÇΓöÇΓöÇΓöÇΓöÇΓöÇΓöÇΓöÇΓöÇΓöÇΓöÇΓöÇΓöÇΓöÇΓöÇΓöÇΓöÇΓöÇΓöÇΓöÇΓöÇΓöÇΓöÇΓöÇΓöÇΓöÇΓöÇΓöÇΓöÇΓöÇΓöÇΓöÇΓöÇΓöÇΓöÇΓöÇΓöÇΓöÇΓöÇΓöÇΓöÇΓöÇΓöÇΓöÇΓöÇΓöÇΓöÇΓöÇΓöÇΓöÇΓöÇΓöÇΓöÇΓöÇΓöÇΓöÇΓöÇΓöÇΓöÇΓöÇΓöÇΓöÇΓöÇΓöÇΓöÇΓöÇΓöÇΓöÇΓöÇΓöÇΓöÇΓöÇΓöÇΓöÇΓöÇΓöÇΓöÇ


[1A[2K  10) [chromium] ΓÇ║ tests\e2e\trades.spec.ts:51:3 ΓÇ║ Trade Entry & Management ΓÇ║ can edit an existing trade and save changes 

    [31mTest timeout of 30000ms exceeded.[39m

    Error: page.waitForURL: Test timeout of 30000ms exceeded.
    =========================== logs ===========================
    waiting for navigation until "load"
      navigated to "http://localhost:5173/trades/150/edit"
      navigated to "http://localhost:5173/trades/150/edit"
      navigated to "http://localhost:5173/trades"
      navigated to "http://localhost:5173/trades"
      navigated to "http://localhost:5173/trades/150/edit"
    ============================================================

      54 |     const row = page.locator('[data-testid^="trade-row-"]').filter({ hasText: TEST_TICKER }).first()
      55 |     await row.click()
    > 56 |     await page.waitForURL(/\/trades\/[a-z0-9-]+$/)
         |                ^
      57 |     await page.getByTestId('edit-trade-btn').click()
      58 |     await page.waitForURL(/\/edit$/, { timeout: 8_000 })
      59 |
        at E:\Claude Code Project\trading-journal\tests\e2e\trades.spec.ts:56:16

    attachment #1: screenshot (image/png) ΓöÇΓöÇΓöÇΓöÇΓöÇΓöÇΓöÇΓöÇΓöÇΓöÇΓöÇΓöÇΓöÇΓöÇΓöÇΓöÇΓöÇΓöÇΓöÇΓöÇΓöÇΓöÇΓöÇΓöÇΓöÇΓöÇΓöÇΓöÇΓöÇΓöÇΓöÇΓöÇΓöÇΓöÇΓöÇΓöÇΓöÇΓöÇΓöÇΓöÇΓöÇΓöÇΓöÇΓöÇΓöÇΓöÇΓöÇΓöÇΓöÇΓöÇΓöÇΓöÇΓöÇΓöÇΓöÇΓöÇΓöÇΓöÇ
    test-results\trades-Trade-Entry-Managem-750f2-ting-trade-and-save-changes-chromium\test-failed-1.png
    ΓöÇΓöÇΓöÇΓöÇΓöÇΓöÇΓöÇΓöÇΓöÇΓöÇΓöÇΓöÇΓöÇΓöÇΓöÇΓöÇΓöÇΓöÇΓöÇΓöÇΓöÇΓöÇΓöÇΓöÇΓöÇΓöÇΓöÇΓöÇΓöÇΓöÇΓöÇΓöÇΓöÇΓöÇΓöÇΓöÇΓöÇΓöÇΓöÇΓöÇΓöÇΓöÇΓöÇΓöÇΓöÇΓöÇΓöÇΓöÇΓöÇΓöÇΓöÇΓöÇΓöÇΓöÇΓöÇΓöÇΓöÇΓöÇΓöÇΓöÇΓöÇΓöÇΓöÇΓöÇΓöÇΓöÇΓöÇΓöÇΓöÇΓöÇΓöÇΓöÇΓöÇΓöÇΓöÇΓöÇΓöÇΓöÇΓöÇΓöÇΓöÇΓöÇΓöÇΓöÇΓöÇΓöÇΓöÇΓöÇΓöÇΓöÇΓöÇΓöÇΓöÇΓöÇΓöÇΓöÇ

    Error Context: test-results\trades-Trade-Entry-Managem-750f2-ting-trade-and-save-changes-chromium\error-context.md


[1A[2K[37/43] [chromium] ΓÇ║ tests\e2e\trades.spec.ts:67:3 ΓÇ║ Trade Entry & Management ΓÇ║ P&L displays correctly ΓÇö green for profit, red for loss
[1A[2K  11) [chromium] ΓÇ║ tests\e2e\trades.spec.ts:67:3 ΓÇ║ Trade Entry & Management ΓÇ║ P&L displays correctly ΓÇö green for profit, red for loss 

    [31mTest timeout of 30000ms exceeded.[39m

    Error: page.waitForURL: Test timeout of 30000ms exceeded.
    =========================== logs ===========================
    waiting for navigation until "load"
      navigated to "http://localhost:5173/trades/150/edit"
      navigated to "http://localhost:5173/trades"
      navigated to "http://localhost:5173/trades"
      navigated to "http://localhost:5173/trades/150/edit"
    ============================================================

      71 |     const row = page.locator('[data-testid^="trade-row-"]').filter({ hasText: TEST_TICKER }).first()
      72 |     await row.click()
    > 73 |     await page.waitForURL(/\/trades\/[a-z0-9-]+$/)
         |                ^
      74 |     const pnl = page.getByTestId('pnl-display')
      75 |     await expect(pnl).toBeVisible()
      76 |     // The element should have a green (emerald) class for a profit trade
        at E:\Claude Code Project\trading-journal\tests\e2e\trades.spec.ts:73:16

    attachment #1: screenshot (image/png) ΓöÇΓöÇΓöÇΓöÇΓöÇΓöÇΓöÇΓöÇΓöÇΓöÇΓöÇΓöÇΓöÇΓöÇΓöÇΓöÇΓöÇΓöÇΓöÇΓöÇΓöÇΓöÇΓöÇΓöÇΓöÇΓöÇΓöÇΓöÇΓöÇΓöÇΓöÇΓöÇΓöÇΓöÇΓöÇΓöÇΓöÇΓöÇΓöÇΓöÇΓöÇΓöÇΓöÇΓöÇΓöÇΓöÇΓöÇΓöÇΓöÇΓöÇΓöÇΓöÇΓöÇΓöÇΓöÇΓöÇΓöÇΓöÇ
    test-results\trades-Trade-Entry-Managem-5dc43-een-for-profit-red-for-loss-chromium\test-failed-1.png
    ΓöÇΓöÇΓöÇΓöÇΓöÇΓöÇΓöÇΓöÇΓöÇΓöÇΓöÇΓöÇΓöÇΓöÇΓöÇΓöÇΓöÇΓöÇΓöÇΓöÇΓöÇΓöÇΓöÇΓöÇΓöÇΓöÇΓöÇΓöÇΓöÇΓöÇΓöÇΓöÇΓöÇΓöÇΓöÇΓöÇΓöÇΓöÇΓöÇΓöÇΓöÇΓöÇΓöÇΓöÇΓöÇΓöÇΓöÇΓöÇΓöÇΓöÇΓöÇΓöÇΓöÇΓöÇΓöÇΓöÇΓöÇΓöÇΓöÇΓöÇΓöÇΓöÇΓöÇΓöÇΓöÇΓöÇΓöÇΓöÇΓöÇΓöÇΓöÇΓöÇΓöÇΓöÇΓöÇΓöÇΓöÇΓöÇΓöÇΓöÇΓöÇΓöÇΓöÇΓöÇΓöÇΓöÇΓöÇΓöÇΓöÇΓöÇΓöÇΓöÇΓöÇΓöÇΓöÇΓöÇ

    Error Context: test-results\trades-Trade-Entry-Managem-5dc43-een-for-profit-red-for-loss-chromium\error-context.md


[1A[2K[38/43] [chromium] ΓÇ║ tests\e2e\trades.spec.ts:80:3 ΓÇ║ Trade Entry & Management ΓÇ║ screenshot upload section is present in trade entry
[1A[2K  12) [chromium] ΓÇ║ tests\e2e\trades.spec.ts:80:3 ΓÇ║ Trade Entry & Management ΓÇ║ screenshot upload section is present in trade entry 

    Error: [2mexpect([22m[31mlocator[39m[2m).[22mtoBeVisible[2m([22m[2m)[22m failed

    Locator: getByTestId('screenshot-upload-area').or(locator('[data-testid="screenshot-panel"]')).or(getByText('Click to upload a chart screenshot'))
    Expected: visible
    Error: strict mode violation: getByTestId('screenshot-upload-area').or(locator('[data-testid="screenshot-panel"]')).or(getByText('Click to upload a chart screenshot')) resolved to 2 elements:
        1) <div data-testid="screenshot-upload-area" class="min-h-[120px] border-2 border-dashed border-gray-700 hover:border-gray-600 rounded-lg flex flex-col items-center justify-center gap-2 cursor-pointer transition-colors group">ΓÇª</div> aka getByTestId('screenshot-upload-area')
        2) <p class="text-xs text-gray-600 group-hover:text-gray-500 transition-colors">Click to upload a chart screenshot</p> aka getByText('Click to upload a chart')

    Call log:
    [2m  - Expect "toBeVisible" with timeout 8000ms[22m
    [2m  - waiting for getByTestId('screenshot-upload-area').or(locator('[data-testid="screenshot-panel"]')).or(getByText('Click to upload a chart screenshot'))[22m


      86 |       page.getByText('Click to upload a chart screenshot')
      87 |     )
    > 88 |     await expect(uploadArea).toBeVisible({ timeout: 8_000 })
         |                              ^
      89 |   })
      90 |
      91 |   test('bias dropdown has Bullish, Bearish, Neutral options', async ({ page }) => {
        at E:\Claude Code Project\trading-journal\tests\e2e\trades.spec.ts:88:30

    attachment #1: screenshot (image/png) ΓöÇΓöÇΓöÇΓöÇΓöÇΓöÇΓöÇΓöÇΓöÇΓöÇΓöÇΓöÇΓöÇΓöÇΓöÇΓöÇΓöÇΓöÇΓöÇΓöÇΓöÇΓöÇΓöÇΓöÇΓöÇΓöÇΓöÇΓöÇΓöÇΓöÇΓöÇΓöÇΓöÇΓöÇΓöÇΓöÇΓöÇΓöÇΓöÇΓöÇΓöÇΓöÇΓöÇΓöÇΓöÇΓöÇΓöÇΓöÇΓöÇΓöÇΓöÇΓöÇΓöÇΓöÇΓöÇΓöÇΓöÇΓöÇ
    test-results\trades-Trade-Entry-Managem-34758-n-is-present-in-trade-entry-chromium\test-failed-1.png
    ΓöÇΓöÇΓöÇΓöÇΓöÇΓöÇΓöÇΓöÇΓöÇΓöÇΓöÇΓöÇΓöÇΓöÇΓöÇΓöÇΓöÇΓöÇΓöÇΓöÇΓöÇΓöÇΓöÇΓöÇΓöÇΓöÇΓöÇΓöÇΓöÇΓöÇΓöÇΓöÇΓöÇΓöÇΓöÇΓöÇΓöÇΓöÇΓöÇΓöÇΓöÇΓöÇΓöÇΓöÇΓöÇΓöÇΓöÇΓöÇΓöÇΓöÇΓöÇΓöÇΓöÇΓöÇΓöÇΓöÇΓöÇΓöÇΓöÇΓöÇΓöÇΓöÇΓöÇΓöÇΓöÇΓöÇΓöÇΓöÇΓöÇΓöÇΓöÇΓöÇΓöÇΓöÇΓöÇΓöÇΓöÇΓöÇΓöÇΓöÇΓöÇΓöÇΓöÇΓöÇΓöÇΓöÇΓöÇΓöÇΓöÇΓöÇΓöÇΓöÇΓöÇΓöÇΓöÇΓöÇ

    Error Context: test-results\trades-Trade-Entry-Managem-34758-n-is-present-in-trade-entry-chromium\error-context.md


[1A[2K[39/43] [chromium] ΓÇ║ tests\e2e\trades.spec.ts:91:3 ΓÇ║ Trade Entry & Management ΓÇ║ bias dropdown has Bullish, Bearish, Neutral options
[1A[2K[40/43] [chromium] ΓÇ║ tests\e2e\trades.spec.ts:101:3 ΓÇ║ Trade Entry & Management ΓÇ║ SMT divergence dropdown has Yes and No options
[1A[2K[41/43] [chromium] ΓÇ║ tests\e2e\trades.spec.ts:111:3 ΓÇ║ Trade Entry & Management ΓÇ║ can add and remove confluence tags
[1A[2K[42/43] [chromium] ΓÇ║ tests\e2e\trades.spec.ts:124:3 ΓÇ║ Trade Entry & Management ΓÇ║ can add and remove Contested Factors tags
[1A[2K[43/43] [chromium] ΓÇ║ tests\e2e\trades.spec.ts:135:3 ΓÇ║ Trade Entry & Management ΓÇ║ can delete a trade
[1A[2K  13) [chromium] ΓÇ║ tests\e2e\trades.spec.ts:135:3 ΓÇ║ Trade Entry & Management ΓÇ║ can delete a trade ΓöÇΓöÇ

    [31mTest timeout of 30000ms exceeded.[39m

    Error: page.waitForURL: Test timeout of 30000ms exceeded.
    =========================== logs ===========================
    waiting for navigation until "load"
      navigated to "http://localhost:5173/trades"
      navigated to "http://localhost:5173/trades"
      navigated to "http://localhost:5173/trades/150/edit"
    ============================================================

      138 |     const row = page.locator('[data-testid^="trade-row-"]').filter({ hasText: TEST_TICKER }).first()
      139 |     await row.click()
    > 140 |     await page.waitForURL(/\/trades\/[a-z0-9-]+$/)
          |                ^
      141 |     await page.getByTestId('delete-trade-btn').click()
      142 |     // Confirm dialog
      143 |     await page.getByRole('button', { name: /delete/i }).last().click()
        at E:\Claude Code Project\trading-journal\tests\e2e\trades.spec.ts:140:16

    attachment #1: screenshot (image/png) ΓöÇΓöÇΓöÇΓöÇΓöÇΓöÇΓöÇΓöÇΓöÇΓöÇΓöÇΓöÇΓöÇΓöÇΓöÇΓöÇΓöÇΓöÇΓöÇΓöÇΓöÇΓöÇΓöÇΓöÇΓöÇΓöÇΓöÇΓöÇΓöÇΓöÇΓöÇΓöÇΓöÇΓöÇΓöÇΓöÇΓöÇΓöÇΓöÇΓöÇΓöÇΓöÇΓöÇΓöÇΓöÇΓöÇΓöÇΓöÇΓöÇΓöÇΓöÇΓöÇΓöÇΓöÇΓöÇΓöÇΓöÇΓöÇ
    test-results\trades-Trade-Entry-Management-can-delete-a-trade-chromium\test-failed-1.png
    ΓöÇΓöÇΓöÇΓöÇΓöÇΓöÇΓöÇΓöÇΓöÇΓöÇΓöÇΓöÇΓöÇΓöÇΓöÇΓöÇΓöÇΓöÇΓöÇΓöÇΓöÇΓöÇΓöÇΓöÇΓöÇΓöÇΓöÇΓöÇΓöÇΓöÇΓöÇΓöÇΓöÇΓöÇΓöÇΓöÇΓöÇΓöÇΓöÇΓöÇΓöÇΓöÇΓöÇΓöÇΓöÇΓöÇΓöÇΓöÇΓöÇΓöÇΓöÇΓöÇΓöÇΓöÇΓöÇΓöÇΓöÇΓöÇΓöÇΓöÇΓöÇΓöÇΓöÇΓöÇΓöÇΓöÇΓöÇΓöÇΓöÇΓöÇΓöÇΓöÇΓöÇΓöÇΓöÇΓöÇΓöÇΓöÇΓöÇΓöÇΓöÇΓöÇΓöÇΓöÇΓöÇΓöÇΓöÇΓöÇΓöÇΓöÇΓöÇΓöÇΓöÇΓöÇΓöÇΓöÇ

    Error Context: test-results\trades-Trade-Entry-Management-can-delete-a-trade-chromium\error-context.md


[1A[2K  13 failed
    [chromium] ΓÇ║ tests\e2e\analytics.spec.ts:51:3 ΓÇ║ Analytics ΓÇ║ date range filter is present and changes content 
    [chromium] ΓÇ║ tests\e2e\dashboard.spec.ts:63:3 ΓÇ║ Dashboard ΓÇ║ theme toggle switches theme ΓöÇΓöÇΓöÇΓöÇΓöÇΓöÇΓöÇΓöÇ
    [chromium] ΓÇ║ tests\e2e\journal.spec.ts:22:3 ΓÇ║ Journal ΓÇ║ can create a new journal entry ΓöÇΓöÇΓöÇΓöÇΓöÇΓöÇΓöÇΓöÇΓöÇ
    [chromium] ΓÇ║ tests\e2e\journal.spec.ts:46:3 ΓÇ║ Journal ΓÇ║ new entry appears after saving ΓöÇΓöÇΓöÇΓöÇΓöÇΓöÇΓöÇΓöÇΓöÇ
    [chromium] ΓÇ║ tests\e2e\journal.spec.ts:94:3 ΓÇ║ Journal ΓÇ║ entry content persists after save and reload 
    [chromium] ΓÇ║ tests\e2e\tradelog.spec.ts:33:3 ΓÇ║ Trade Log ΓÇ║ clicking a trade row navigates to trade detail 
    [chromium] ΓÇ║ tests\e2e\tradelog.spec.ts:46:3 ΓÇ║ Trade Log ΓÇ║ trade detail view shows core trade information 
    [chromium] ΓÇ║ tests\e2e\tradelog.spec.ts:63:3 ΓÇ║ Trade Log ΓÇ║ P&L is displayed near the top of trade detail 
    [chromium] ΓÇ║ tests\e2e\trades.spec.ts:41:3 ΓÇ║ Trade Entry & Management ΓÇ║ can open trade detail view by clicking on a trade row 
    [chromium] ΓÇ║ tests\e2e\trades.spec.ts:51:3 ΓÇ║ Trade Entry & Management ΓÇ║ can edit an existing trade and save changes 
    [chromium] ΓÇ║ tests\e2e\trades.spec.ts:67:3 ΓÇ║ Trade Entry & Management ΓÇ║ P&L displays correctly ΓÇö green for profit, red for loss 
    [chromium] ΓÇ║ tests\e2e\trades.spec.ts:80:3 ΓÇ║ Trade Entry & Management ΓÇ║ screenshot upload section is present in trade entry 
    [chromium] ΓÇ║ tests\e2e\trades.spec.ts:135:3 ΓÇ║ Trade Entry & Management ΓÇ║ can delete a trade ΓöÇΓöÇΓöÇΓöÇ
  1 skipped
  29 passed (3.7m)

[36m  Serving HTML report at http://localhost:59911. Press Ctrl+C to quit.[39m
